Analysis & Synthesis report for Pipelined_ARMv8
Wed Dec 20 11:17:26 2017
Quartus II Version 8.1 Build 163 10/28/2008 SJ Web Edition


---------------------
; Table of Contents ;
---------------------
  1. Legal Notice
  2. Analysis & Synthesis Summary
  3. Analysis & Synthesis Settings
  4. Analysis & Synthesis Source Files Read
  5. Analysis & Synthesis Resource Usage Summary
  6. Analysis & Synthesis Resource Utilization by Entity
  7. General Register Statistics
  8. Parameter Settings for User Entity Instance: PipelinedARMv8:cpu|instruction_fetch:instruction_fetch|n_mux:n_mux_PCWrite
  9. Parameter Settings for User Entity Instance: PipelinedARMv8:cpu|instruction_fetch:instruction_fetch|instruction_memory:instruction_memory
 10. Parameter Settings for User Entity Instance: PipelinedARMv8:cpu|instruction_fetch:instruction_fetch|n_mux:mux_met_branchreg
 11. Parameter Settings for User Entity Instance: PipelinedARMv8:cpu|n_mux:n_mux_na_MEM_WB
 12. Parameter Settings for User Entity Instance: PipelinedARMv8:cpu|instruction_decode:instruction_decode|n_mux:mux2
 13. Parameter Settings for User Entity Instance: PipelinedARMv8:cpu|instruction_decode:instruction_decode|n_mux:mux1
 14. Parameter Settings for User Entity Instance: PipelinedARMv8:cpu|instruction_decode:instruction_decode|n_mux:n_mux_Reg2Loc
 15. Parameter Settings for User Entity Instance: PipelinedARMv8:cpu|instruction_decode:instruction_decode|n_mux:n_mux_Branch
 16. Parameter Settings for User Entity Instance: PipelinedARMv8:cpu|instruction_decode:instruction_decode|n_mux:n_mux_MemRead
 17. Parameter Settings for User Entity Instance: PipelinedARMv8:cpu|instruction_decode:instruction_decode|n_mux:n_mux_MemtoReg
 18. Parameter Settings for User Entity Instance: PipelinedARMv8:cpu|instruction_decode:instruction_decode|n_mux:n_mux_MemWrite
 19. Parameter Settings for User Entity Instance: PipelinedARMv8:cpu|instruction_decode:instruction_decode|n_mux:n_mux_ALUSrc
 20. Parameter Settings for User Entity Instance: PipelinedARMv8:cpu|instruction_decode:instruction_decode|n_mux:n_mux_RegWrite
 21. Parameter Settings for User Entity Instance: PipelinedARMv8:cpu|instruction_decode:instruction_decode|n_mux:n_mux_Uncondbranch
 22. Parameter Settings for User Entity Instance: PipelinedARMv8:cpu|instruction_decode:instruction_decode|n_mux:n_mux_Branchlink
 23. Parameter Settings for User Entity Instance: PipelinedARMv8:cpu|instruction_decode:instruction_decode|n_mux:n_mux_Branchreg
 24. Parameter Settings for User Entity Instance: PipelinedARMv8:cpu|instruction_decode:instruction_decode|n_mux:mux_zero_not_zero
 25. Parameter Settings for User Entity Instance: PipelinedARMv8:cpu|instruction_decode:instruction_decode|n_mux:n_mux_PC_inc_CB
 26. Parameter Settings for User Entity Instance: PipelinedARMv8:cpu|execution:execution|n_mux:n_mux
 27. Parameter Settings for User Entity Instance: PipelinedARMv8:cpu|memory:memory|data_memory:data_memory
 28. Analysis & Synthesis Messages
 29. Analysis & Synthesis Suppressed Messages



----------------
; Legal Notice ;
----------------
Copyright (C) 1991-2008 Altera Corporation
Your use of Altera Corporation's design tools, logic functions 
and other software and tools, and its AMPP partner logic 
functions, and any output files from any of the foregoing 
(including device programming or simulation files), and any 
associated documentation or information are expressly subject 
to the terms and conditions of the Altera Program License 
Subscription Agreement, Altera MegaCore Function License 
Agreement, or other applicable license agreement, including, 
without limitation, that your use is for the sole purpose of 
programming logic devices manufactured by Altera and sold by 
Altera or its authorized distributors.  Please refer to the 
applicable agreement for further details.



+------------------------------------------------------------------------------+
; Analysis & Synthesis Summary                                                 ;
+------------------------------------+-----------------------------------------+
; Analysis & Synthesis Status        ; Successful - Wed Dec 20 11:17:25 2017   ;
; Quartus II Version                 ; 8.1 Build 163 10/28/2008 SJ Web Edition ;
; Revision Name                      ; Pipelined_ARMv8                         ;
; Top-level Entity Name              ; op_bord                                 ;
; Family                             ; Cyclone II                              ;
; Total logic elements               ; 0                                       ;
;     Total combinational functions  ; 0                                       ;
;     Dedicated logic registers      ; 0                                       ;
; Total registers                    ; 0                                       ;
; Total pins                         ; 50                                      ;
; Total virtual pins                 ; 0                                       ;
; Total memory bits                  ; 0                                       ;
; Embedded Multiplier 9-bit elements ; 0                                       ;
; Total PLLs                         ; 0                                       ;
+------------------------------------+-----------------------------------------+


+----------------------------------------------------------------------------------------------------------+
; Analysis & Synthesis Settings                                                                            ;
+----------------------------------------------------------------+--------------------+--------------------+
; Option                                                         ; Setting            ; Default Value      ;
+----------------------------------------------------------------+--------------------+--------------------+
; Device                                                         ; EP2C70F896C6       ;                    ;
; Top-level entity name                                          ; op_bord            ; Pipelined_ARMv8    ;
; Family name                                                    ; Cyclone II         ; Stratix II         ;
; Use Generated Physical Constraints File                        ; Off                ;                    ;
; Use smart compilation                                          ; Off                ; Off                ;
; Restructure Multiplexers                                       ; Auto               ; Auto               ;
; Create Debugging Nodes for IP Cores                            ; Off                ; Off                ;
; Preserve fewer node names                                      ; On                 ; On                 ;
; Disable OpenCore Plus hardware evaluation                      ; Off                ; Off                ;
; Verilog Version                                                ; Verilog_2001       ; Verilog_2001       ;
; VHDL Version                                                   ; VHDL93             ; VHDL93             ;
; State Machine Processing                                       ; Auto               ; Auto               ;
; Safe State Machine                                             ; Off                ; Off                ;
; Extract Verilog State Machines                                 ; On                 ; On                 ;
; Extract VHDL State Machines                                    ; On                 ; On                 ;
; Ignore Verilog initial constructs                              ; Off                ; Off                ;
; Iteration limit for constant Verilog loops                     ; 5000               ; 5000               ;
; Iteration limit for non-constant Verilog loops                 ; 250                ; 250                ;
; Add Pass-Through Logic to Inferred RAMs                        ; On                 ; On                 ;
; Parallel Synthesis                                             ; Off                ; Off                ;
; DSP Block Balancing                                            ; Auto               ; Auto               ;
; NOT Gate Push-Back                                             ; On                 ; On                 ;
; Power-Up Don't Care                                            ; On                 ; On                 ;
; Remove Redundant Logic Cells                                   ; Off                ; Off                ;
; Remove Duplicate Registers                                     ; On                 ; On                 ;
; Ignore CARRY Buffers                                           ; Off                ; Off                ;
; Ignore CASCADE Buffers                                         ; Off                ; Off                ;
; Ignore GLOBAL Buffers                                          ; Off                ; Off                ;
; Ignore ROW GLOBAL Buffers                                      ; Off                ; Off                ;
; Ignore LCELL Buffers                                           ; Off                ; Off                ;
; Ignore SOFT Buffers                                            ; On                 ; On                 ;
; Limit AHDL Integers to 32 Bits                                 ; Off                ; Off                ;
; Optimization Technique                                         ; Balanced           ; Balanced           ;
; Carry Chain Length                                             ; 70                 ; 70                 ;
; Auto Carry Chains                                              ; On                 ; On                 ;
; Auto Open-Drain Pins                                           ; On                 ; On                 ;
; Perform WYSIWYG Primitive Resynthesis                          ; Off                ; Off                ;
; Perform gate-level register retiming                           ; Off                ; Off                ;
; Allow register retiming to trade off Tsu/Tco with Fmax         ; On                 ; On                 ;
; Auto ROM Replacement                                           ; On                 ; On                 ;
; Auto RAM Replacement                                           ; On                 ; On                 ;
; Auto Shift Register Replacement                                ; Auto               ; Auto               ;
; Auto Clock Enable Replacement                                  ; On                 ; On                 ;
; Strict RAM Replacement                                         ; Off                ; Off                ;
; Allow Synchronous Control Signals                              ; On                 ; On                 ;
; Force Use of Synchronous Clear Signals                         ; Off                ; Off                ;
; Auto RAM to Logic Cell Conversion                              ; Off                ; Off                ;
; Auto Resource Sharing                                          ; Off                ; Off                ;
; Allow Any RAM Size For Recognition                             ; Off                ; Off                ;
; Allow Any ROM Size For Recognition                             ; Off                ; Off                ;
; Allow Any Shift Register Size For Recognition                  ; Off                ; Off                ;
; Use LogicLock Constraints during Resource Balancing            ; On                 ; On                 ;
; Ignore translate_off and synthesis_off directives              ; Off                ; Off                ;
; Show Parameter Settings Tables in Synthesis Report             ; On                 ; On                 ;
; Ignore Maximum Fan-Out Assignments                             ; Off                ; Off                ;
; Synchronization Register Chain Length                          ; 2                  ; 2                  ;
; PowerPlay Power Optimization                                   ; Normal compilation ; Normal compilation ;
; HDL message level                                              ; Level2             ; Level2             ;
; Suppress Register Optimization Related Messages                ; Off                ; Off                ;
; Number of Removed Registers Reported in Synthesis Report       ; 100                ; 100                ;
; Number of Inverted Registers Reported in Synthesis Report      ; 100                ; 100                ;
; Clock MUX Protection                                           ; On                 ; On                 ;
; Auto Gated Clock Conversion                                    ; Off                ; Off                ;
; Block Design Naming                                            ; Auto               ; Auto               ;
; SDC constraint protection                                      ; Off                ; Off                ;
; Synthesis Effort                                               ; Auto               ; Auto               ;
; Allows Asynchronous Clear Usage For Shift Register Replacement ; On                 ; On                 ;
; Analysis & Synthesis Message Level                             ; Medium             ; Medium             ;
+----------------------------------------------------------------+--------------------+--------------------+


+-------------------------------------------------------------------------------------------------------------------------------------------------+
; Analysis & Synthesis Source Files Read                                                                                                          ;
+----------------------------------+-----------------+------------------------+-------------------------------------------------------------------+
; File Name with User-Entered Path ; Used in Netlist ; File Type              ; File Name with Absolute Path                                      ;
+----------------------------------+-----------------+------------------------+-------------------------------------------------------------------+
; ID_EX.v                          ; yes             ; User Verilog HDL File  ; //Mac/Home/Documents/COMAR/PipelinedARMv8/ID_EX.v                 ;
; instruction_fetch.V              ; yes             ; User Verilog HDL File  ; //Mac/Home/Documents/COMAR/PipelinedARMv8/instruction_fetch.V     ;
; alu.v                            ; yes             ; User Verilog HDL File  ; //Mac/Home/Documents/COMAR/PipelinedARMv8/alu.v                   ;
; alu_add.v                        ; yes             ; User Verilog HDL File  ; //Mac/Home/Documents/COMAR/PipelinedARMv8/alu_add.v               ;
; alu_control.v                    ; yes             ; User Verilog HDL File  ; //Mac/Home/Documents/COMAR/PipelinedARMv8/alu_control.v           ;
; control.v                        ; yes             ; User Verilog HDL File  ; //Mac/Home/Documents/COMAR/PipelinedARMv8/control.v               ;
; data_memory.v                    ; yes             ; User Verilog HDL File  ; //Mac/Home/Documents/COMAR/PipelinedARMv8/data_memory.v           ;
; instruction_memory.v             ; yes             ; User Verilog HDL File  ; //Mac/Home/Documents/COMAR/PipelinedARMv8/instruction_memory.v    ;
; n_mux.v                          ; yes             ; User Verilog HDL File  ; //Mac/Home/Documents/COMAR/PipelinedARMv8/n_mux.v                 ;
; pc.v                             ; yes             ; User Verilog HDL File  ; //Mac/Home/Documents/COMAR/PipelinedARMv8/pc.v                    ;
; registers.v                      ; yes             ; User Verilog HDL File  ; //Mac/Home/Documents/COMAR/PipelinedARMv8/registers.v             ;
; shift_left_2.v                   ; yes             ; User Verilog HDL File  ; //Mac/Home/Documents/COMAR/PipelinedARMv8/shift_left_2.v          ;
; sign_extend.v                    ; yes             ; User Verilog HDL File  ; //Mac/Home/Documents/COMAR/PipelinedARMv8/sign_extend.v           ;
; PipelinedARMv8.v                 ; yes             ; User Verilog HDL File  ; //Mac/Home/Documents/COMAR/PipelinedARMv8/PipelinedARMv8.v        ;
; IF_ID.v                          ; yes             ; User Verilog HDL File  ; //Mac/Home/Documents/COMAR/PipelinedARMv8/IF_ID.v                 ;
; instruction_decode.v             ; yes             ; User Verilog HDL File  ; //Mac/Home/Documents/COMAR/PipelinedARMv8/instruction_decode.v    ;
; execution.v                      ; yes             ; User Verilog HDL File  ; //Mac/Home/Documents/COMAR/PipelinedARMv8/execution.v             ;
; memory.v                         ; yes             ; User Verilog HDL File  ; //Mac/Home/Documents/COMAR/PipelinedARMv8/memory.v                ;
; EX_MEM.v                         ; yes             ; User Verilog HDL File  ; //Mac/Home/Documents/COMAR/PipelinedARMv8/EX_MEM.v                ;
; MEM_WB.v                         ; yes             ; User Verilog HDL File  ; //Mac/Home/Documents/COMAR/PipelinedARMv8/MEM_WB.v                ;
; forwarding_unit.v                ; yes             ; User Verilog HDL File  ; //Mac/Home/Documents/COMAR/PipelinedARMv8/forwarding_unit.v       ;
; hazard_detection_unit.v          ; yes             ; User Verilog HDL File  ; //Mac/Home/Documents/COMAR/PipelinedARMv8/hazard_detection_unit.v ;
; op_bord.v                        ; yes             ; User Verilog HDL File  ; //Mac/Home/Documents/COMAR/PipelinedARMv8/op_bord.v               ;
+----------------------------------+-----------------+------------------------+-------------------------------------------------------------------+


+-----------------------------------------------------+
; Analysis & Synthesis Resource Usage Summary         ;
+---------------------------------------------+-------+
; Resource                                    ; Usage ;
+---------------------------------------------+-------+
;                                             ;       ;
; Total combinational functions               ; 0     ;
; Logic element usage by number of LUT inputs ;       ;
;     -- 4 input functions                    ; 0     ;
;     -- 3 input functions                    ; 0     ;
;     -- <=2 input functions                  ; 0     ;
;                                             ;       ;
; Logic elements by mode                      ;       ;
;     -- normal mode                          ; 0     ;
;     -- arithmetic mode                      ; 0     ;
;                                             ;       ;
; Total registers                             ; 0     ;
;     -- Dedicated logic registers            ; 0     ;
;     -- I/O registers                        ; 0     ;
;                                             ;       ;
; I/O pins                                    ; 50    ;
+---------------------------------------------+-------+


+-----------------------------------------------------------------------------------------------------------------------------------------------------------------------------+
; Analysis & Synthesis Resource Utilization by Entity                                                                                                                         ;
+----------------------------+-------------------+--------------+-------------+--------------+---------+-----------+------+--------------+---------------------+--------------+
; Compilation Hierarchy Node ; LC Combinationals ; LC Registers ; Memory Bits ; DSP Elements ; DSP 9x9 ; DSP 18x18 ; Pins ; Virtual Pins ; Full Hierarchy Name ; Library Name ;
+----------------------------+-------------------+--------------+-------------+--------------+---------+-----------+------+--------------+---------------------+--------------+
; |op_bord                   ; 0 (0)             ; 0 (0)        ; 0           ; 0            ; 0       ; 0         ; 50   ; 0            ; |op_bord            ; work         ;
+----------------------------+-------------------+--------------+-------------+--------------+---------+-----------+------+--------------+---------------------+--------------+
Note: For table entries with two numbers listed, the numbers in parentheses indicate the number of resources of the given type used by the specific entity alone. The numbers listed outside of parentheses indicate the total resources of the given type used by the specific entity and all of its sub-entities in the hierarchy.


+------------------------------------------------------+
; General Register Statistics                          ;
+----------------------------------------------+-------+
; Statistic                                    ; Value ;
+----------------------------------------------+-------+
; Total registers                              ; 0     ;
; Number of registers using Synchronous Clear  ; 0     ;
; Number of registers using Synchronous Load   ; 0     ;
; Number of registers using Asynchronous Clear ; 0     ;
; Number of registers using Asynchronous Load  ; 0     ;
; Number of registers using Clock Enable       ; 0     ;
; Number of registers using Preset             ; 0     ;
+----------------------------------------------+-------+


+-------------------------------------------------------------------------------------------------------------------------+
; Parameter Settings for User Entity Instance: PipelinedARMv8:cpu|instruction_fetch:instruction_fetch|n_mux:n_mux_PCWrite ;
+----------------+-------+------------------------------------------------------------------------------------------------+
; Parameter Name ; Value ; Type                                                                                           ;
+----------------+-------+------------------------------------------------------------------------------------------------+
; N              ; 64    ; Signed Integer                                                                                 ;
+----------------+-------+------------------------------------------------------------------------------------------------+
Note: In order to hide this table in the UI and the text report file, please set the "Show Parameter Settings Tables in Synthesis Report" option in "Analysis and Synthesis Settings -> More Settings" to "Off".


+-------------------------------------------------------------------------------------------------------------------------------------------+
; Parameter Settings for User Entity Instance: PipelinedARMv8:cpu|instruction_fetch:instruction_fetch|instruction_memory:instruction_memory ;
+----------------+-------+------------------------------------------------------------------------------------------------------------------+
; Parameter Name ; Value ; Type                                                                                                             ;
+----------------+-------+------------------------------------------------------------------------------------------------------------------+
; words          ; 256   ; Signed Integer                                                                                                   ;
; logwords       ; 9     ; Signed Integer                                                                                                   ;
; size           ; 32    ; Signed Integer                                                                                                   ;
; addr_size      ; 64    ; Signed Integer                                                                                                   ;
+----------------+-------+------------------------------------------------------------------------------------------------------------------+
Note: In order to hide this table in the UI and the text report file, please set the "Show Parameter Settings Tables in Synthesis Report" option in "Analysis and Synthesis Settings -> More Settings" to "Off".


+-----------------------------------------------------------------------------------------------------------------------------+
; Parameter Settings for User Entity Instance: PipelinedARMv8:cpu|instruction_fetch:instruction_fetch|n_mux:mux_met_branchreg ;
+----------------+-------+----------------------------------------------------------------------------------------------------+
; Parameter Name ; Value ; Type                                                                                               ;
+----------------+-------+----------------------------------------------------------------------------------------------------+
; N              ; 64    ; Signed Integer                                                                                     ;
+----------------+-------+----------------------------------------------------------------------------------------------------+
Note: In order to hide this table in the UI and the text report file, please set the "Show Parameter Settings Tables in Synthesis Report" option in "Analysis and Synthesis Settings -> More Settings" to "Off".


+---------------------------------------------------------------------------------------+
; Parameter Settings for User Entity Instance: PipelinedARMv8:cpu|n_mux:n_mux_na_MEM_WB ;
+----------------+-------+--------------------------------------------------------------+
; Parameter Name ; Value ; Type                                                         ;
+----------------+-------+--------------------------------------------------------------+
; N              ; 64    ; Signed Integer                                               ;
+----------------+-------+--------------------------------------------------------------+
Note: In order to hide this table in the UI and the text report file, please set the "Show Parameter Settings Tables in Synthesis Report" option in "Analysis and Synthesis Settings -> More Settings" to "Off".


+------------------------------------------------------------------------------------------------------------------+
; Parameter Settings for User Entity Instance: PipelinedARMv8:cpu|instruction_decode:instruction_decode|n_mux:mux2 ;
+----------------+-------+-----------------------------------------------------------------------------------------+
; Parameter Name ; Value ; Type                                                                                    ;
+----------------+-------+-----------------------------------------------------------------------------------------+
; N              ; 64    ; Signed Integer                                                                          ;
+----------------+-------+-----------------------------------------------------------------------------------------+
Note: In order to hide this table in the UI and the text report file, please set the "Show Parameter Settings Tables in Synthesis Report" option in "Analysis and Synthesis Settings -> More Settings" to "Off".


+------------------------------------------------------------------------------------------------------------------+
; Parameter Settings for User Entity Instance: PipelinedARMv8:cpu|instruction_decode:instruction_decode|n_mux:mux1 ;
+----------------+-------+-----------------------------------------------------------------------------------------+
; Parameter Name ; Value ; Type                                                                                    ;
+----------------+-------+-----------------------------------------------------------------------------------------+
; N              ; 64    ; Signed Integer                                                                          ;
+----------------+-------+-----------------------------------------------------------------------------------------+
Note: In order to hide this table in the UI and the text report file, please set the "Show Parameter Settings Tables in Synthesis Report" option in "Analysis and Synthesis Settings -> More Settings" to "Off".


+---------------------------------------------------------------------------------------------------------------------------+
; Parameter Settings for User Entity Instance: PipelinedARMv8:cpu|instruction_decode:instruction_decode|n_mux:n_mux_Reg2Loc ;
+----------------+-------+--------------------------------------------------------------------------------------------------+
; Parameter Name ; Value ; Type                                                                                             ;
+----------------+-------+--------------------------------------------------------------------------------------------------+
; N              ; 64    ; Signed Integer                                                                                   ;
+----------------+-------+--------------------------------------------------------------------------------------------------+
Note: In order to hide this table in the UI and the text report file, please set the "Show Parameter Settings Tables in Synthesis Report" option in "Analysis and Synthesis Settings -> More Settings" to "Off".


+--------------------------------------------------------------------------------------------------------------------------+
; Parameter Settings for User Entity Instance: PipelinedARMv8:cpu|instruction_decode:instruction_decode|n_mux:n_mux_Branch ;
+----------------+-------+-------------------------------------------------------------------------------------------------+
; Parameter Name ; Value ; Type                                                                                            ;
+----------------+-------+-------------------------------------------------------------------------------------------------+
; N              ; 64    ; Signed Integer                                                                                  ;
+----------------+-------+-------------------------------------------------------------------------------------------------+
Note: In order to hide this table in the UI and the text report file, please set the "Show Parameter Settings Tables in Synthesis Report" option in "Analysis and Synthesis Settings -> More Settings" to "Off".


+---------------------------------------------------------------------------------------------------------------------------+
; Parameter Settings for User Entity Instance: PipelinedARMv8:cpu|instruction_decode:instruction_decode|n_mux:n_mux_MemRead ;
+----------------+-------+--------------------------------------------------------------------------------------------------+
; Parameter Name ; Value ; Type                                                                                             ;
+----------------+-------+--------------------------------------------------------------------------------------------------+
; N              ; 64    ; Signed Integer                                                                                   ;
+----------------+-------+--------------------------------------------------------------------------------------------------+
Note: In order to hide this table in the UI and the text report file, please set the "Show Parameter Settings Tables in Synthesis Report" option in "Analysis and Synthesis Settings -> More Settings" to "Off".


+----------------------------------------------------------------------------------------------------------------------------+
; Parameter Settings for User Entity Instance: PipelinedARMv8:cpu|instruction_decode:instruction_decode|n_mux:n_mux_MemtoReg ;
+----------------+-------+---------------------------------------------------------------------------------------------------+
; Parameter Name ; Value ; Type                                                                                              ;
+----------------+-------+---------------------------------------------------------------------------------------------------+
; N              ; 64    ; Signed Integer                                                                                    ;
+----------------+-------+---------------------------------------------------------------------------------------------------+
Note: In order to hide this table in the UI and the text report file, please set the "Show Parameter Settings Tables in Synthesis Report" option in "Analysis and Synthesis Settings -> More Settings" to "Off".


+----------------------------------------------------------------------------------------------------------------------------+
; Parameter Settings for User Entity Instance: PipelinedARMv8:cpu|instruction_decode:instruction_decode|n_mux:n_mux_MemWrite ;
+----------------+-------+---------------------------------------------------------------------------------------------------+
; Parameter Name ; Value ; Type                                                                                              ;
+----------------+-------+---------------------------------------------------------------------------------------------------+
; N              ; 64    ; Signed Integer                                                                                    ;
+----------------+-------+---------------------------------------------------------------------------------------------------+
Note: In order to hide this table in the UI and the text report file, please set the "Show Parameter Settings Tables in Synthesis Report" option in "Analysis and Synthesis Settings -> More Settings" to "Off".


+--------------------------------------------------------------------------------------------------------------------------+
; Parameter Settings for User Entity Instance: PipelinedARMv8:cpu|instruction_decode:instruction_decode|n_mux:n_mux_ALUSrc ;
+----------------+-------+-------------------------------------------------------------------------------------------------+
; Parameter Name ; Value ; Type                                                                                            ;
+----------------+-------+-------------------------------------------------------------------------------------------------+
; N              ; 64    ; Signed Integer                                                                                  ;
+----------------+-------+-------------------------------------------------------------------------------------------------+
Note: In order to hide this table in the UI and the text report file, please set the "Show Parameter Settings Tables in Synthesis Report" option in "Analysis and Synthesis Settings -> More Settings" to "Off".


+----------------------------------------------------------------------------------------------------------------------------+
; Parameter Settings for User Entity Instance: PipelinedARMv8:cpu|instruction_decode:instruction_decode|n_mux:n_mux_RegWrite ;
+----------------+-------+---------------------------------------------------------------------------------------------------+
; Parameter Name ; Value ; Type                                                                                              ;
+----------------+-------+---------------------------------------------------------------------------------------------------+
; N              ; 64    ; Signed Integer                                                                                    ;
+----------------+-------+---------------------------------------------------------------------------------------------------+
Note: In order to hide this table in the UI and the text report file, please set the "Show Parameter Settings Tables in Synthesis Report" option in "Analysis and Synthesis Settings -> More Settings" to "Off".


+--------------------------------------------------------------------------------------------------------------------------------+
; Parameter Settings for User Entity Instance: PipelinedARMv8:cpu|instruction_decode:instruction_decode|n_mux:n_mux_Uncondbranch ;
+----------------+-------+-------------------------------------------------------------------------------------------------------+
; Parameter Name ; Value ; Type                                                                                                  ;
+----------------+-------+-------------------------------------------------------------------------------------------------------+
; N              ; 64    ; Signed Integer                                                                                        ;
+----------------+-------+-------------------------------------------------------------------------------------------------------+
Note: In order to hide this table in the UI and the text report file, please set the "Show Parameter Settings Tables in Synthesis Report" option in "Analysis and Synthesis Settings -> More Settings" to "Off".


+------------------------------------------------------------------------------------------------------------------------------+
; Parameter Settings for User Entity Instance: PipelinedARMv8:cpu|instruction_decode:instruction_decode|n_mux:n_mux_Branchlink ;
+----------------+-------+-----------------------------------------------------------------------------------------------------+
; Parameter Name ; Value ; Type                                                                                                ;
+----------------+-------+-----------------------------------------------------------------------------------------------------+
; N              ; 64    ; Signed Integer                                                                                      ;
+----------------+-------+-----------------------------------------------------------------------------------------------------+
Note: In order to hide this table in the UI and the text report file, please set the "Show Parameter Settings Tables in Synthesis Report" option in "Analysis and Synthesis Settings -> More Settings" to "Off".


+-----------------------------------------------------------------------------------------------------------------------------+
; Parameter Settings for User Entity Instance: PipelinedARMv8:cpu|instruction_decode:instruction_decode|n_mux:n_mux_Branchreg ;
+----------------+-------+----------------------------------------------------------------------------------------------------+
; Parameter Name ; Value ; Type                                                                                               ;
+----------------+-------+----------------------------------------------------------------------------------------------------+
; N              ; 64    ; Signed Integer                                                                                     ;
+----------------+-------+----------------------------------------------------------------------------------------------------+
Note: In order to hide this table in the UI and the text report file, please set the "Show Parameter Settings Tables in Synthesis Report" option in "Analysis and Synthesis Settings -> More Settings" to "Off".


+-------------------------------------------------------------------------------------------------------------------------------+
; Parameter Settings for User Entity Instance: PipelinedARMv8:cpu|instruction_decode:instruction_decode|n_mux:mux_zero_not_zero ;
+----------------+-------+------------------------------------------------------------------------------------------------------+
; Parameter Name ; Value ; Type                                                                                                 ;
+----------------+-------+------------------------------------------------------------------------------------------------------+
; N              ; 64    ; Signed Integer                                                                                       ;
+----------------+-------+------------------------------------------------------------------------------------------------------+
Note: In order to hide this table in the UI and the text report file, please set the "Show Parameter Settings Tables in Synthesis Report" option in "Analysis and Synthesis Settings -> More Settings" to "Off".


+-----------------------------------------------------------------------------------------------------------------------------+
; Parameter Settings for User Entity Instance: PipelinedARMv8:cpu|instruction_decode:instruction_decode|n_mux:n_mux_PC_inc_CB ;
+----------------+-------+----------------------------------------------------------------------------------------------------+
; Parameter Name ; Value ; Type                                                                                               ;
+----------------+-------+----------------------------------------------------------------------------------------------------+
; N              ; 64    ; Signed Integer                                                                                     ;
+----------------+-------+----------------------------------------------------------------------------------------------------+
Note: In order to hide this table in the UI and the text report file, please set the "Show Parameter Settings Tables in Synthesis Report" option in "Analysis and Synthesis Settings -> More Settings" to "Off".


+-------------------------------------------------------------------------------------------------+
; Parameter Settings for User Entity Instance: PipelinedARMv8:cpu|execution:execution|n_mux:n_mux ;
+----------------+-------+------------------------------------------------------------------------+
; Parameter Name ; Value ; Type                                                                   ;
+----------------+-------+------------------------------------------------------------------------+
; N              ; 64    ; Signed Integer                                                         ;
+----------------+-------+------------------------------------------------------------------------+
Note: In order to hide this table in the UI and the text report file, please set the "Show Parameter Settings Tables in Synthesis Report" option in "Analysis and Synthesis Settings -> More Settings" to "Off".


+-------------------------------------------------------------------------------------------------------+
; Parameter Settings for User Entity Instance: PipelinedARMv8:cpu|memory:memory|data_memory:data_memory ;
+----------------+-------+------------------------------------------------------------------------------+
; Parameter Name ; Value ; Type                                                                         ;
+----------------+-------+------------------------------------------------------------------------------+
; words          ; 8192  ; Signed Integer                                                               ;
; logwords       ; 14    ; Signed Integer                                                               ;
+----------------+-------+------------------------------------------------------------------------------+
Note: In order to hide this table in the UI and the text report file, please set the "Show Parameter Settings Tables in Synthesis Report" option in "Analysis and Synthesis Settings -> More Settings" to "Off".


+-------------------------------+
; Analysis & Synthesis Messages ;
+-------------------------------+
Info: *******************************************************************
Info: Running Quartus II Analysis & Synthesis
    Info: Version 8.1 Build 163 10/28/2008 SJ Web Edition
    Info: Processing started: Wed Dec 20 11:17:19 2017
Info: Command: quartus_map --read_settings_files=on --write_settings_files=off Pipelined_ARMv8 -c Pipelined_ARMv8
Info: Found 1 design units, including 1 entities, in source file ID_EX.v
    Info: Found entity 1: ID_EX
Info: Found 1 design units, including 1 entities, in source file instruction_fetch.V
    Info: Found entity 1: instruction_fetch
Info: Found 1 design units, including 1 entities, in source file alu.v
    Info: Found entity 1: alu
Info: Found 1 design units, including 1 entities, in source file alu_add.v
    Info: Found entity 1: alu_add
Info: Found 1 design units, including 1 entities, in source file alu_control.v
    Info: Found entity 1: alu_control
Info: Found 1 design units, including 1 entities, in source file and_poort.V
    Info: Found entity 1: and_poort
Info: Found 1 design units, including 1 entities, in source file control.v
    Info: Found entity 1: control
Info: Found 1 design units, including 1 entities, in source file data_memory.v
    Info: Found entity 1: data_memory
Info: Found 1 design units, including 1 entities, in source file instruction_memory.v
    Info: Found entity 1: instruction_memory
Info: Found 1 design units, including 1 entities, in source file n_mux.v
    Info: Found entity 1: n_mux
Info: Found 1 design units, including 1 entities, in source file pc.v
    Info: Found entity 1: pc
Info: Found 1 design units, including 1 entities, in source file registers.v
    Info: Found entity 1: registers
Info: Found 0 design units, including 0 entities, in source file reverse_mux.V
Info: Found 1 design units, including 1 entities, in source file shift_left_2.v
    Info: Found entity 1: shift_left_2
Info: Found 1 design units, including 1 entities, in source file sign_extend.v
    Info: Found entity 1: sign_extend
Info: Found 1 design units, including 1 entities, in source file PipelinedARMv8.v
    Info: Found entity 1: PipelinedARMv8
Info: Found 1 design units, including 1 entities, in source file IF_ID.v
    Info: Found entity 1: IF_ID
Info: Found 1 design units, including 1 entities, in source file instruction_decode.v
    Info: Found entity 1: instruction_decode
Info: Found 1 design units, including 1 entities, in source file execution.v
    Info: Found entity 1: execution
Info: Found 1 design units, including 1 entities, in source file memory.v
    Info: Found entity 1: memory
Info: Found 1 design units, including 1 entities, in source file EX_MEM.v
    Info: Found entity 1: EX_MEM
Info: Found 1 design units, including 1 entities, in source file MEM_WB.v
    Info: Found entity 1: MEM_WB
Info: Found 1 design units, including 1 entities, in source file forwarding_unit.v
    Info: Found entity 1: forwarding_unit
Info: Found 1 design units, including 1 entities, in source file hazard_detection_unit.v
    Info: Found entity 1: hazard_detection_unit
Info: Found 1 design units, including 1 entities, in source file op_bord.v
    Info: Found entity 1: op_bord
Warning (10236): Verilog HDL Implicit Net warning at instruction_fetch.V(17): created implicit net for "instruction"
Warning (10236): Verilog HDL Implicit Net warning at instruction_decode.v(23): created implicit net for "Branchlink"
Warning (10236): Verilog HDL Implicit Net warning at instruction_decode.v(34): created implicit net for "Branch"
Warning (10236): Verilog HDL Implicit Net warning at instruction_decode.v(39): created implicit net for "RegWrite"
Warning (10236): Verilog HDL Implicit Net warning at instruction_decode.v(63): created implicit net for "MEM_WB_RegWrite"
Info: Elaborating entity "op_bord" for the top level hierarchy
Info: Elaborating entity "PipelinedARMv8" for hierarchy "PipelinedARMv8:cpu"
Info: Elaborating entity "instruction_fetch" for hierarchy "PipelinedARMv8:cpu|instruction_fetch:instruction_fetch"
Warning (10034): Output port "instruction_out[31]" at instruction_fetch.V(5) has no driver
Warning (10034): Output port "instruction_out[30]" at instruction_fetch.V(5) has no driver
Warning (10034): Output port "instruction_out[29]" at instruction_fetch.V(5) has no driver
Warning (10034): Output port "instruction_out[28]" at instruction_fetch.V(5) has no driver
Warning (10034): Output port "instruction_out[27]" at instruction_fetch.V(5) has no driver
Warning (10034): Output port "instruction_out[26]" at instruction_fetch.V(5) has no driver
Warning (10034): Output port "instruction_out[25]" at instruction_fetch.V(5) has no driver
Warning (10034): Output port "instruction_out[24]" at instruction_fetch.V(5) has no driver
Warning (10034): Output port "instruction_out[23]" at instruction_fetch.V(5) has no driver
Warning (10034): Output port "instruction_out[22]" at instruction_fetch.V(5) has no driver
Warning (10034): Output port "instruction_out[21]" at instruction_fetch.V(5) has no driver
Warning (10034): Output port "instruction_out[20]" at instruction_fetch.V(5) has no driver
Warning (10034): Output port "instruction_out[19]" at instruction_fetch.V(5) has no driver
Warning (10034): Output port "instruction_out[18]" at instruction_fetch.V(5) has no driver
Warning (10034): Output port "instruction_out[17]" at instruction_fetch.V(5) has no driver
Warning (10034): Output port "instruction_out[16]" at instruction_fetch.V(5) has no driver
Warning (10034): Output port "instruction_out[15]" at instruction_fetch.V(5) has no driver
Warning (10034): Output port "instruction_out[14]" at instruction_fetch.V(5) has no driver
Warning (10034): Output port "instruction_out[13]" at instruction_fetch.V(5) has no driver
Warning (10034): Output port "instruction_out[12]" at instruction_fetch.V(5) has no driver
Warning (10034): Output port "instruction_out[11]" at instruction_fetch.V(5) has no driver
Warning (10034): Output port "instruction_out[10]" at instruction_fetch.V(5) has no driver
Warning (10034): Output port "instruction_out[9]" at instruction_fetch.V(5) has no driver
Warning (10034): Output port "instruction_out[8]" at instruction_fetch.V(5) has no driver
Warning (10034): Output port "instruction_out[7]" at instruction_fetch.V(5) has no driver
Warning (10034): Output port "instruction_out[6]" at instruction_fetch.V(5) has no driver
Warning (10034): Output port "instruction_out[5]" at instruction_fetch.V(5) has no driver
Warning (10034): Output port "instruction_out[4]" at instruction_fetch.V(5) has no driver
Warning (10034): Output port "instruction_out[3]" at instruction_fetch.V(5) has no driver
Warning (10034): Output port "instruction_out[2]" at instruction_fetch.V(5) has no driver
Warning (10034): Output port "instruction_out[1]" at instruction_fetch.V(5) has no driver
Warning (10034): Output port "instruction_out[0]" at instruction_fetch.V(5) has no driver
Info: Elaborating entity "n_mux" for hierarchy "PipelinedARMv8:cpu|instruction_fetch:instruction_fetch|n_mux:n_mux_PCWrite"
Info: Elaborating entity "pc" for hierarchy "PipelinedARMv8:cpu|instruction_fetch:instruction_fetch|pc:pc"
Info: Elaborating entity "alu_add" for hierarchy "PipelinedARMv8:cpu|instruction_fetch:instruction_fetch|alu_add:add_pc_met_4"
Info: Elaborating entity "instruction_memory" for hierarchy "PipelinedARMv8:cpu|instruction_fetch:instruction_fetch|instruction_memory:instruction_memory"
Warning (10858): Verilog HDL warning at instruction_memory.v(9): object memory used but never assigned
Info: Elaborating entity "IF_ID" for hierarchy "PipelinedARMv8:cpu|IF_ID:IF_ID_pipeline_register"
Info: Elaborating entity "instruction_decode" for hierarchy "PipelinedARMv8:cpu|instruction_decode:instruction_decode"
Warning (10034): Output port "RegWrite_out" at instruction_decode.v(11) has no driver
Info: Elaborating entity "control" for hierarchy "PipelinedARMv8:cpu|instruction_decode:instruction_decode|control:control"
Warning (10175): Verilog HDL warning at control.v(28): ignoring unsupported system task
Warning (10175): Verilog HDL warning at control.v(45): ignoring unsupported system task
Warning (10175): Verilog HDL warning at control.v(62): ignoring unsupported system task
Warning (10175): Verilog HDL warning at control.v(79): ignoring unsupported system task
Warning (10175): Verilog HDL warning at control.v(96): ignoring unsupported system task
Warning (10175): Verilog HDL warning at control.v(112): ignoring unsupported system task
Warning (10175): Verilog HDL warning at control.v(128): ignoring unsupported system task
Warning (10175): Verilog HDL warning at control.v(145): ignoring unsupported system task
Warning (10175): Verilog HDL warning at control.v(162): ignoring unsupported system task
Warning (10175): Verilog HDL warning at control.v(179): ignoring unsupported system task
Warning (10270): Verilog HDL Case Statement warning at control.v(13): incomplete case statement has no default case item
Warning (10175): Verilog HDL warning at control.v(197): ignoring unsupported system task
Warning (10175): Verilog HDL warning at control.v(213): ignoring unsupported system task
Warning (10175): Verilog HDL warning at control.v(229): ignoring unsupported system task
Warning (10175): Verilog HDL warning at control.v(245): ignoring unsupported system task
Warning (10240): Verilog HDL Always Construct warning at control.v(11): inferring latch(es) for variable "Reg2Loc", which holds its previous value in one or more paths through the always construct
Warning (10240): Verilog HDL Always Construct warning at control.v(11): inferring latch(es) for variable "ALUSrc", which holds its previous value in one or more paths through the always construct
Warning (10240): Verilog HDL Always Construct warning at control.v(11): inferring latch(es) for variable "MemtoReg", which holds its previous value in one or more paths through the always construct
Warning (10240): Verilog HDL Always Construct warning at control.v(11): inferring latch(es) for variable "RegWrite", which holds its previous value in one or more paths through the always construct
Warning (10240): Verilog HDL Always Construct warning at control.v(11): inferring latch(es) for variable "MemRead", which holds its previous value in one or more paths through the always construct
Warning (10240): Verilog HDL Always Construct warning at control.v(11): inferring latch(es) for variable "MemWrite", which holds its previous value in one or more paths through the always construct
Warning (10240): Verilog HDL Always Construct warning at control.v(11): inferring latch(es) for variable "Branch", which holds its previous value in one or more paths through the always construct
Warning (10240): Verilog HDL Always Construct warning at control.v(11): inferring latch(es) for variable "ALUOp", which holds its previous value in one or more paths through the always construct
Warning (10240): Verilog HDL Always Construct warning at control.v(11): inferring latch(es) for variable "Uncondbranch", which holds its previous value in one or more paths through the always construct
Warning (10240): Verilog HDL Always Construct warning at control.v(11): inferring latch(es) for variable "Branchlink", which holds its previous value in one or more paths through the always construct
Warning (10240): Verilog HDL Always Construct warning at control.v(11): inferring latch(es) for variable "Branchreg", which holds its previous value in one or more paths through the always construct
Warning (10240): Verilog HDL Always Construct warning at control.v(11): inferring latch(es) for variable "not_zero", which holds its previous value in one or more paths through the always construct
Info (10041): Inferred latch for "MemtoReg" at control.v(199)
Info (10041): Inferred latch for "not_zero" at control.v(199)
Info (10041): Inferred latch for "Branchreg" at control.v(199)
Info (10041): Inferred latch for "Branchlink" at control.v(199)
Info (10041): Inferred latch for "ALUOp[0]" at control.v(199)
Info (10041): Inferred latch for "ALUOp[1]" at control.v(199)
Info (10041): Inferred latch for "Uncondbranch" at control.v(199)
Info (10041): Inferred latch for "Branch" at control.v(199)
Info (10041): Inferred latch for "MemWrite" at control.v(199)
Info (10041): Inferred latch for "MemRead" at control.v(199)
Info (10041): Inferred latch for "RegWrite" at control.v(199)
Info (10041): Inferred latch for "ALUSrc" at control.v(199)
Info (10041): Inferred latch for "Reg2Loc" at control.v(199)
Info: Elaborating entity "registers" for hierarchy "PipelinedARMv8:cpu|instruction_decode:instruction_decode|registers:registers"
Info: Elaborating entity "sign_extend" for hierarchy "PipelinedARMv8:cpu|instruction_decode:instruction_decode|sign_extend:sign_extend"
Warning (10240): Verilog HDL Always Construct warning at sign_extend.v(9): inferring latch(es) for variable "out", which holds its previous value in one or more paths through the always construct
Info (10041): Inferred latch for "out[0]" at sign_extend.v(12)
Info (10041): Inferred latch for "out[1]" at sign_extend.v(12)
Info (10041): Inferred latch for "out[2]" at sign_extend.v(12)
Info (10041): Inferred latch for "out[3]" at sign_extend.v(12)
Info (10041): Inferred latch for "out[4]" at sign_extend.v(12)
Info (10041): Inferred latch for "out[5]" at sign_extend.v(12)
Info (10041): Inferred latch for "out[6]" at sign_extend.v(12)
Info (10041): Inferred latch for "out[7]" at sign_extend.v(12)
Info (10041): Inferred latch for "out[8]" at sign_extend.v(12)
Info (10041): Inferred latch for "out[9]" at sign_extend.v(12)
Info (10041): Inferred latch for "out[10]" at sign_extend.v(12)
Info (10041): Inferred latch for "out[11]" at sign_extend.v(12)
Info (10041): Inferred latch for "out[12]" at sign_extend.v(12)
Info (10041): Inferred latch for "out[13]" at sign_extend.v(12)
Info (10041): Inferred latch for "out[14]" at sign_extend.v(12)
Info (10041): Inferred latch for "out[15]" at sign_extend.v(12)
Info (10041): Inferred latch for "out[16]" at sign_extend.v(12)
Info (10041): Inferred latch for "out[17]" at sign_extend.v(12)
Info (10041): Inferred latch for "out[18]" at sign_extend.v(12)
Info (10041): Inferred latch for "out[19]" at sign_extend.v(12)
Info (10041): Inferred latch for "out[20]" at sign_extend.v(12)
Info (10041): Inferred latch for "out[21]" at sign_extend.v(12)
Info (10041): Inferred latch for "out[22]" at sign_extend.v(12)
Info (10041): Inferred latch for "out[23]" at sign_extend.v(12)
Info (10041): Inferred latch for "out[24]" at sign_extend.v(12)
Info (10041): Inferred latch for "out[25]" at sign_extend.v(12)
Info (10041): Inferred latch for "out[26]" at sign_extend.v(12)
Info (10041): Inferred latch for "out[27]" at sign_extend.v(12)
Info (10041): Inferred latch for "out[28]" at sign_extend.v(12)
Info (10041): Inferred latch for "out[29]" at sign_extend.v(12)
Info (10041): Inferred latch for "out[30]" at sign_extend.v(12)
Info (10041): Inferred latch for "out[31]" at sign_extend.v(12)
Info (10041): Inferred latch for "out[32]" at sign_extend.v(12)
Info (10041): Inferred latch for "out[33]" at sign_extend.v(12)
Info (10041): Inferred latch for "out[34]" at sign_extend.v(12)
Info (10041): Inferred latch for "out[35]" at sign_extend.v(12)
Info (10041): Inferred latch for "out[36]" at sign_extend.v(12)
Info (10041): Inferred latch for "out[37]" at sign_extend.v(12)
Info (10041): Inferred latch for "out[38]" at sign_extend.v(12)
Info (10041): Inferred latch for "out[39]" at sign_extend.v(12)
Info (10041): Inferred latch for "out[40]" at sign_extend.v(12)
Info (10041): Inferred latch for "out[41]" at sign_extend.v(12)
Info (10041): Inferred latch for "out[42]" at sign_extend.v(12)
Info (10041): Inferred latch for "out[43]" at sign_extend.v(12)
Info (10041): Inferred latch for "out[44]" at sign_extend.v(12)
Info (10041): Inferred latch for "out[45]" at sign_extend.v(12)
Info (10041): Inferred latch for "out[46]" at sign_extend.v(12)
Info (10041): Inferred latch for "out[47]" at sign_extend.v(12)
Info (10041): Inferred latch for "out[48]" at sign_extend.v(12)
Info (10041): Inferred latch for "out[49]" at sign_extend.v(12)
Info (10041): Inferred latch for "out[50]" at sign_extend.v(12)
Info (10041): Inferred latch for "out[51]" at sign_extend.v(12)
Info (10041): Inferred latch for "out[52]" at sign_extend.v(12)
Info (10041): Inferred latch for "out[53]" at sign_extend.v(12)
Info (10041): Inferred latch for "out[54]" at sign_extend.v(12)
Info (10041): Inferred latch for "out[55]" at sign_extend.v(12)
Info (10041): Inferred latch for "out[56]" at sign_extend.v(12)
Info (10041): Inferred latch for "out[57]" at sign_extend.v(12)
Info (10041): Inferred latch for "out[58]" at sign_extend.v(12)
Info (10041): Inferred latch for "out[59]" at sign_extend.v(12)
Info (10041): Inferred latch for "out[60]" at sign_extend.v(12)
Info (10041): Inferred latch for "out[61]" at sign_extend.v(12)
Info (10041): Inferred latch for "out[62]" at sign_extend.v(12)
Info (10041): Inferred latch for "out[63]" at sign_extend.v(12)
Info: Elaborating entity "shift_left_2" for hierarchy "PipelinedARMv8:cpu|instruction_decode:instruction_decode|shift_left_2:shift_left_2"
Info: Elaborating entity "hazard_detection_unit" for hierarchy "PipelinedARMv8:cpu|hazard_detection_unit:hazard_detection_unit"
Info: Elaborating entity "ID_EX" for hierarchy "PipelinedARMv8:cpu|ID_EX:ID_EX_pipeline_register"
Info: Elaborating entity "execution" for hierarchy "PipelinedARMv8:cpu|execution:execution"
Warning (10199): Verilog HDL Case Statement warning at execution.v(24): case item expression never matches the case expression
Warning (10199): Verilog HDL Case Statement warning at execution.v(35): case item expression never matches the case expression
Warning (10034): Output port "write_data[63]" at execution.v(11) has no driver
Warning (10034): Output port "write_data[62]" at execution.v(11) has no driver
Warning (10034): Output port "write_data[61]" at execution.v(11) has no driver
Warning (10034): Output port "write_data[60]" at execution.v(11) has no driver
Warning (10034): Output port "write_data[59]" at execution.v(11) has no driver
Warning (10034): Output port "write_data[58]" at execution.v(11) has no driver
Warning (10034): Output port "write_data[57]" at execution.v(11) has no driver
Warning (10034): Output port "write_data[56]" at execution.v(11) has no driver
Warning (10034): Output port "write_data[55]" at execution.v(11) has no driver
Warning (10034): Output port "write_data[54]" at execution.v(11) has no driver
Warning (10034): Output port "write_data[53]" at execution.v(11) has no driver
Warning (10034): Output port "write_data[52]" at execution.v(11) has no driver
Warning (10034): Output port "write_data[51]" at execution.v(11) has no driver
Warning (10034): Output port "write_data[50]" at execution.v(11) has no driver
Warning (10034): Output port "write_data[49]" at execution.v(11) has no driver
Warning (10034): Output port "write_data[48]" at execution.v(11) has no driver
Warning (10034): Output port "write_data[47]" at execution.v(11) has no driver
Warning (10034): Output port "write_data[46]" at execution.v(11) has no driver
Warning (10034): Output port "write_data[45]" at execution.v(11) has no driver
Warning (10034): Output port "write_data[44]" at execution.v(11) has no driver
Warning (10034): Output port "write_data[43]" at execution.v(11) has no driver
Warning (10034): Output port "write_data[42]" at execution.v(11) has no driver
Warning (10034): Output port "write_data[41]" at execution.v(11) has no driver
Warning (10034): Output port "write_data[40]" at execution.v(11) has no driver
Warning (10034): Output port "write_data[39]" at execution.v(11) has no driver
Warning (10034): Output port "write_data[38]" at execution.v(11) has no driver
Warning (10034): Output port "write_data[37]" at execution.v(11) has no driver
Warning (10034): Output port "write_data[36]" at execution.v(11) has no driver
Warning (10034): Output port "write_data[35]" at execution.v(11) has no driver
Warning (10034): Output port "write_data[34]" at execution.v(11) has no driver
Warning (10034): Output port "write_data[33]" at execution.v(11) has no driver
Warning (10034): Output port "write_data[32]" at execution.v(11) has no driver
Warning (10034): Output port "write_data[31]" at execution.v(11) has no driver
Warning (10034): Output port "write_data[30]" at execution.v(11) has no driver
Warning (10034): Output port "write_data[29]" at execution.v(11) has no driver
Warning (10034): Output port "write_data[28]" at execution.v(11) has no driver
Warning (10034): Output port "write_data[27]" at execution.v(11) has no driver
Warning (10034): Output port "write_data[26]" at execution.v(11) has no driver
Warning (10034): Output port "write_data[25]" at execution.v(11) has no driver
Warning (10034): Output port "write_data[24]" at execution.v(11) has no driver
Warning (10034): Output port "write_data[23]" at execution.v(11) has no driver
Warning (10034): Output port "write_data[22]" at execution.v(11) has no driver
Warning (10034): Output port "write_data[21]" at execution.v(11) has no driver
Warning (10034): Output port "write_data[20]" at execution.v(11) has no driver
Warning (10034): Output port "write_data[19]" at execution.v(11) has no driver
Warning (10034): Output port "write_data[18]" at execution.v(11) has no driver
Warning (10034): Output port "write_data[17]" at execution.v(11) has no driver
Warning (10034): Output port "write_data[16]" at execution.v(11) has no driver
Warning (10034): Output port "write_data[15]" at execution.v(11) has no driver
Warning (10034): Output port "write_data[14]" at execution.v(11) has no driver
Warning (10034): Output port "write_data[13]" at execution.v(11) has no driver
Warning (10034): Output port "write_data[12]" at execution.v(11) has no driver
Warning (10034): Output port "write_data[11]" at execution.v(11) has no driver
Warning (10034): Output port "write_data[10]" at execution.v(11) has no driver
Warning (10034): Output port "write_data[9]" at execution.v(11) has no driver
Warning (10034): Output port "write_data[8]" at execution.v(11) has no driver
Warning (10034): Output port "write_data[7]" at execution.v(11) has no driver
Warning (10034): Output port "write_data[6]" at execution.v(11) has no driver
Warning (10034): Output port "write_data[5]" at execution.v(11) has no driver
Warning (10034): Output port "write_data[4]" at execution.v(11) has no driver
Warning (10034): Output port "write_data[3]" at execution.v(11) has no driver
Warning (10034): Output port "write_data[2]" at execution.v(11) has no driver
Warning (10034): Output port "write_data[1]" at execution.v(11) has no driver
Warning (10034): Output port "write_data[0]" at execution.v(11) has no driver
Info: Elaborating entity "alu" for hierarchy "PipelinedARMv8:cpu|execution:execution|alu:alu"
Info: Elaborating entity "alu_control" for hierarchy "PipelinedARMv8:cpu|execution:execution|alu_control:alu_control"
Info: Elaborating entity "forwarding_unit" for hierarchy "PipelinedARMv8:cpu|forwarding_unit:forwarding_unit"
Warning (10240): Verilog HDL Always Construct warning at forwarding_unit.v(9): inferring latch(es) for variable "ForwardA", which holds its previous value in one or more paths through the always construct
Warning (10240): Verilog HDL Always Construct warning at forwarding_unit.v(9): inferring latch(es) for variable "ForwardB", which holds its previous value in one or more paths through the always construct
Info (10041): Inferred latch for "ForwardB[0]" at forwarding_unit.v(9)
Info (10041): Inferred latch for "ForwardB[1]" at forwarding_unit.v(9)
Info (10041): Inferred latch for "ForwardA[0]" at forwarding_unit.v(9)
Info (10041): Inferred latch for "ForwardA[1]" at forwarding_unit.v(9)
Info: Elaborating entity "EX_MEM" for hierarchy "PipelinedARMv8:cpu|EX_MEM:EX_MEM"
Info: Elaborating entity "memory" for hierarchy "PipelinedARMv8:cpu|memory:memory"
Info: Elaborating entity "data_memory" for hierarchy "PipelinedARMv8:cpu|memory:memory|data_memory:data_memory"
Warning (10240): Verilog HDL Always Construct warning at data_memory.v(22): inferring latch(es) for variable "read_data", which holds its previous value in one or more paths through the always construct
Warning (10034): Output port "leds[26]" at data_memory.v(11) has no driver
Warning (10034): Output port "leds[25]" at data_memory.v(11) has no driver
Warning (10034): Output port "leds[24]" at data_memory.v(11) has no driver
Warning (10034): Output port "leds[23]" at data_memory.v(11) has no driver
Warning (10034): Output port "leds[22]" at data_memory.v(11) has no driver
Warning (10034): Output port "leds[21]" at data_memory.v(11) has no driver
Warning (10034): Output port "leds[20]" at data_memory.v(11) has no driver
Warning (10034): Output port "leds[19]" at data_memory.v(11) has no driver
Warning (10034): Output port "leds[18]" at data_memory.v(11) has no driver
Warning (10034): Output port "leds[17]" at data_memory.v(11) has no driver
Warning (10034): Output port "leds[16]" at data_memory.v(11) has no driver
Warning (10034): Output port "leds[15]" at data_memory.v(11) has no driver
Warning (10034): Output port "leds[14]" at data_memory.v(11) has no driver
Warning (10034): Output port "leds[13]" at data_memory.v(11) has no driver
Warning (10034): Output port "leds[12]" at data_memory.v(11) has no driver
Warning (10034): Output port "leds[11]" at data_memory.v(11) has no driver
Warning (10034): Output port "leds[10]" at data_memory.v(11) has no driver
Warning (10034): Output port "leds[9]" at data_memory.v(11) has no driver
Warning (10034): Output port "leds[8]" at data_memory.v(11) has no driver
Warning (10034): Output port "leds[7]" at data_memory.v(11) has no driver
Warning (10034): Output port "leds[6]" at data_memory.v(11) has no driver
Warning (10034): Output port "leds[5]" at data_memory.v(11) has no driver
Warning (10034): Output port "leds[4]" at data_memory.v(11) has no driver
Warning (10034): Output port "leds[3]" at data_memory.v(11) has no driver
Warning (10034): Output port "leds[2]" at data_memory.v(11) has no driver
Warning (10034): Output port "leds[1]" at data_memory.v(11) has no driver
Warning (10034): Output port "leds[0]" at data_memory.v(11) has no driver
Info (10041): Inferred latch for "read_data[0]" at data_memory.v(22)
Info (10041): Inferred latch for "read_data[1]" at data_memory.v(22)
Info (10041): Inferred latch for "read_data[2]" at data_memory.v(22)
Info (10041): Inferred latch for "read_data[3]" at data_memory.v(22)
Info (10041): Inferred latch for "read_data[4]" at data_memory.v(22)
Info (10041): Inferred latch for "read_data[5]" at data_memory.v(22)
Info (10041): Inferred latch for "read_data[6]" at data_memory.v(22)
Info (10041): Inferred latch for "read_data[7]" at data_memory.v(22)
Info (10041): Inferred latch for "read_data[8]" at data_memory.v(22)
Info (10041): Inferred latch for "read_data[9]" at data_memory.v(22)
Info (10041): Inferred latch for "read_data[10]" at data_memory.v(22)
Info (10041): Inferred latch for "read_data[11]" at data_memory.v(22)
Info (10041): Inferred latch for "read_data[12]" at data_memory.v(22)
Info (10041): Inferred latch for "read_data[13]" at data_memory.v(22)
Info (10041): Inferred latch for "read_data[14]" at data_memory.v(22)
Info (10041): Inferred latch for "read_data[15]" at data_memory.v(22)
Info (10041): Inferred latch for "read_data[16]" at data_memory.v(22)
Info (10041): Inferred latch for "read_data[17]" at data_memory.v(22)
Info (10041): Inferred latch for "read_data[18]" at data_memory.v(22)
Info (10041): Inferred latch for "read_data[19]" at data_memory.v(22)
Info (10041): Inferred latch for "read_data[20]" at data_memory.v(22)
Info (10041): Inferred latch for "read_data[21]" at data_memory.v(22)
Info (10041): Inferred latch for "read_data[22]" at data_memory.v(22)
Info (10041): Inferred latch for "read_data[23]" at data_memory.v(22)
Info (10041): Inferred latch for "read_data[24]" at data_memory.v(22)
Info (10041): Inferred latch for "read_data[25]" at data_memory.v(22)
Info (10041): Inferred latch for "read_data[26]" at data_memory.v(22)
Info (10041): Inferred latch for "read_data[27]" at data_memory.v(22)
Info (10041): Inferred latch for "read_data[28]" at data_memory.v(22)
Info (10041): Inferred latch for "read_data[29]" at data_memory.v(22)
Info (10041): Inferred latch for "read_data[30]" at data_memory.v(22)
Info (10041): Inferred latch for "read_data[31]" at data_memory.v(22)
Info (10041): Inferred latch for "read_data[32]" at data_memory.v(22)
Info (10041): Inferred latch for "read_data[33]" at data_memory.v(22)
Info (10041): Inferred latch for "read_data[34]" at data_memory.v(22)
Info (10041): Inferred latch for "read_data[35]" at data_memory.v(22)
Info (10041): Inferred latch for "read_data[36]" at data_memory.v(22)
Info (10041): Inferred latch for "read_data[37]" at data_memory.v(22)
Info (10041): Inferred latch for "read_data[38]" at data_memory.v(22)
Info (10041): Inferred latch for "read_data[39]" at data_memory.v(22)
Info (10041): Inferred latch for "read_data[40]" at data_memory.v(22)
Info (10041): Inferred latch for "read_data[41]" at data_memory.v(22)
Info (10041): Inferred latch for "read_data[42]" at data_memory.v(22)
Info (10041): Inferred latch for "read_data[43]" at data_memory.v(22)
Info (10041): Inferred latch for "read_data[44]" at data_memory.v(22)
Info (10041): Inferred latch for "read_data[45]" at data_memory.v(22)
Info (10041): Inferred latch for "read_data[46]" at data_memory.v(22)
Info (10041): Inferred latch for "read_data[47]" at data_memory.v(22)
Info (10041): Inferred latch for "read_data[48]" at data_memory.v(22)
Info (10041): Inferred latch for "read_data[49]" at data_memory.v(22)
Info (10041): Inferred latch for "read_data[50]" at data_memory.v(22)
Info (10041): Inferred latch for "read_data[51]" at data_memory.v(22)
Info (10041): Inferred latch for "read_data[52]" at data_memory.v(22)
Info (10041): Inferred latch for "read_data[53]" at data_memory.v(22)
Info (10041): Inferred latch for "read_data[54]" at data_memory.v(22)
Info (10041): Inferred latch for "read_data[55]" at data_memory.v(22)
Info (10041): Inferred latch for "read_data[56]" at data_memory.v(22)
Info (10041): Inferred latch for "read_data[57]" at data_memory.v(22)
Info (10041): Inferred latch for "read_data[58]" at data_memory.v(22)
Info (10041): Inferred latch for "read_data[59]" at data_memory.v(22)
Info (10041): Inferred latch for "read_data[60]" at data_memory.v(22)
Info (10041): Inferred latch for "read_data[61]" at data_memory.v(22)
Info (10041): Inferred latch for "read_data[62]" at data_memory.v(22)
Info (10041): Inferred latch for "read_data[63]" at data_memory.v(22)
Info: Elaborating entity "MEM_WB" for hierarchy "PipelinedARMv8:cpu|MEM_WB:MEM_WB"
Warning (12020): Port "ALUOp" on the entity instantiation of "ID_EX_pipeline_register" is connected to a signal of width 2. The formal width of the signal in the module is 1.  The extra bits will be ignored.
Warning (12030): Port "ALUOp_out" on the entity instantiation of "ID_EX_pipeline_register" is connected to a signal of width 2. The formal width of the signal in the module is 1.  The extra bits will be left dangling without any fan-out logic.
Warning (12010): Port "in1" on the entity instantiation of "mux_zero_not_zero" is connected to a signal of width 1. The formal width of the signal in the module is 64.  The extra bits will be driven by GND.
Warning (12010): Port "in2" on the entity instantiation of "mux_zero_not_zero" is connected to a signal of width 1. The formal width of the signal in the module is 64.  The extra bits will be driven by GND.
Warning (12030): Port "out" on the entity instantiation of "mux_zero_not_zero" is connected to a signal of width 1. The formal width of the signal in the module is 64.  The extra bits will be left dangling without any fan-out logic.
Warning (12010): Port "in1" on the entity instantiation of "n_mux_Branchreg" is connected to a signal of width 1. The formal width of the signal in the module is 64.  The extra bits will be driven by GND.
Warning (12030): Port "out" on the entity instantiation of "n_mux_Branchreg" is connected to a signal of width 1. The formal width of the signal in the module is 64.  The extra bits will be left dangling without any fan-out logic.
Warning (12010): Port "in1" on the entity instantiation of "n_mux_Branchlink" is connected to a signal of width 1. The formal width of the signal in the module is 64.  The extra bits will be driven by GND.
Warning (12030): Port "out" on the entity instantiation of "n_mux_Branchlink" is connected to a signal of width 1. The formal width of the signal in the module is 64.  The extra bits will be left dangling without any fan-out logic.
Warning (12010): Port "in1" on the entity instantiation of "n_mux_Uncondbranch" is connected to a signal of width 1. The formal width of the signal in the module is 64.  The extra bits will be driven by GND.
Warning (12030): Port "out" on the entity instantiation of "n_mux_Uncondbranch" is connected to a signal of width 1. The formal width of the signal in the module is 64.  The extra bits will be left dangling without any fan-out logic.
Warning (12010): Port "in1" on the entity instantiation of "n_mux_RegWrite" is connected to a signal of width 1. The formal width of the signal in the module is 64.  The extra bits will be driven by GND.
Warning (12030): Port "out" on the entity instantiation of "n_mux_RegWrite" is connected to a signal of width 1. The formal width of the signal in the module is 64.  The extra bits will be left dangling without any fan-out logic.
Warning (12010): Port "in1" on the entity instantiation of "n_mux_ALUSrc" is connected to a signal of width 1. The formal width of the signal in the module is 64.  The extra bits will be driven by GND.
Warning (12030): Port "out" on the entity instantiation of "n_mux_ALUSrc" is connected to a signal of width 1. The formal width of the signal in the module is 64.  The extra bits will be left dangling without any fan-out logic.
Warning (12010): Port "in1" on the entity instantiation of "n_mux_MemWrite" is connected to a signal of width 1. The formal width of the signal in the module is 64.  The extra bits will be driven by GND.
Warning (12030): Port "out" on the entity instantiation of "n_mux_MemWrite" is connected to a signal of width 1. The formal width of the signal in the module is 64.  The extra bits will be left dangling without any fan-out logic.
Warning (12010): Port "in1" on the entity instantiation of "n_mux_MemtoReg" is connected to a signal of width 1. The formal width of the signal in the module is 64.  The extra bits will be driven by GND.
Warning (12030): Port "out" on the entity instantiation of "n_mux_MemtoReg" is connected to a signal of width 1. The formal width of the signal in the module is 64.  The extra bits will be left dangling without any fan-out logic.
Warning (12010): Port "in1" on the entity instantiation of "n_mux_MemRead" is connected to a signal of width 1. The formal width of the signal in the module is 64.  The extra bits will be driven by GND.
Warning (12030): Port "out" on the entity instantiation of "n_mux_MemRead" is connected to a signal of width 1. The formal width of the signal in the module is 64.  The extra bits will be left dangling without any fan-out logic.
Warning (12010): Port "in1" on the entity instantiation of "n_mux_Branch" is connected to a signal of width 1. The formal width of the signal in the module is 64.  The extra bits will be driven by GND.
Warning (12030): Port "out" on the entity instantiation of "n_mux_Branch" is connected to a signal of width 1. The formal width of the signal in the module is 64.  The extra bits will be left dangling without any fan-out logic.
Warning (12010): Port "in1" on the entity instantiation of "n_mux_Reg2Loc" is connected to a signal of width 1. The formal width of the signal in the module is 64.  The extra bits will be driven by GND.
Warning (12030): Port "out" on the entity instantiation of "n_mux_Reg2Loc" is connected to a signal of width 1. The formal width of the signal in the module is 64.  The extra bits will be left dangling without any fan-out logic.
Warning (12010): Port "in1" on the entity instantiation of "mux2" is connected to a signal of width 5. The formal width of the signal in the module is 64.  The extra bits will be driven by GND.
Warning (12010): Port "in2" on the entity instantiation of "mux2" is connected to a signal of width 5. The formal width of the signal in the module is 64.  The extra bits will be driven by GND.
Warning (12030): Port "out" on the entity instantiation of "mux2" is connected to a signal of width 5. The formal width of the signal in the module is 64.  The extra bits will be left dangling without any fan-out logic.
Warning (12030): Port "data_out" on the entity instantiation of "instruction_memory" is connected to a signal of width 1. The formal width of the signal in the module is 32.  The extra bits will be left dangling without any fan-out logic.
Warning (12010): Port "in2" on the entity instantiation of "add_pc_met_4" is connected to a signal of width 32. The formal width of the signal in the module is 64.  The extra bits will be driven by GND.
Warning: Net is missing source, defaulting to GND
    Warning (12110): Net "PipelinedARMv8:cpu|ALUOp_ID_EX[1]" is missing source, defaulting to GND
Warning: Output pins are stuck at VCC or GND
    Warning (13410): Pin "oLED_R[0]" is stuck at GND
    Warning (13410): Pin "oLED_R[1]" is stuck at GND
    Warning (13410): Pin "oLED_R[2]" is stuck at GND
    Warning (13410): Pin "oLED_R[3]" is stuck at GND
    Warning (13410): Pin "oLED_R[4]" is stuck at GND
    Warning (13410): Pin "oLED_R[5]" is stuck at GND
    Warning (13410): Pin "oLED_R[6]" is stuck at GND
    Warning (13410): Pin "oLED_R[7]" is stuck at GND
    Warning (13410): Pin "oLED_R[8]" is stuck at GND
    Warning (13410): Pin "oLED_R[9]" is stuck at GND
    Warning (13410): Pin "oLED_R[10]" is stuck at GND
    Warning (13410): Pin "oLED_R[11]" is stuck at GND
    Warning (13410): Pin "oLED_R[12]" is stuck at GND
    Warning (13410): Pin "oLED_R[13]" is stuck at GND
    Warning (13410): Pin "oLED_R[14]" is stuck at GND
    Warning (13410): Pin "oLED_R[15]" is stuck at GND
    Warning (13410): Pin "oLED_R[16]" is stuck at GND
    Warning (13410): Pin "oLED_R[17]" is stuck at GND
    Warning (13410): Pin "oLED_R[18]" is stuck at GND
    Warning (13410): Pin "oLED_G[0]" is stuck at GND
    Warning (13410): Pin "oLED_G[1]" is stuck at GND
    Warning (13410): Pin "oLED_G[2]" is stuck at GND
    Warning (13410): Pin "oLED_G[3]" is stuck at GND
    Warning (13410): Pin "oLED_G[4]" is stuck at GND
    Warning (13410): Pin "oLED_G[5]" is stuck at GND
    Warning (13410): Pin "oLED_G[6]" is stuck at GND
    Warning (13410): Pin "oLED_G[7]" is stuck at GND
Info: Generated suppressed messages file //Mac/Home/Documents/COMAR/PipelinedARMv8/Pipelined_ARMv8.map.smsg
Warning: Design contains 23 input pin(s) that do not drive logic
    Warning (15610): No output dependent on input pin "iCLK_50"
    Warning (15610): No output dependent on input pin "iKEY[0]"
    Warning (15610): No output dependent on input pin "iKEY[1]"
    Warning (15610): No output dependent on input pin "iKEY[2]"
    Warning (15610): No output dependent on input pin "iKEY[3]"
    Warning (15610): No output dependent on input pin "iSW[0]"
    Warning (15610): No output dependent on input pin "iSW[1]"
    Warning (15610): No output dependent on input pin "iSW[2]"
    Warning (15610): No output dependent on input pin "iSW[3]"
    Warning (15610): No output dependent on input pin "iSW[4]"
    Warning (15610): No output dependent on input pin "iSW[5]"
    Warning (15610): No output dependent on input pin "iSW[6]"
    Warning (15610): No output dependent on input pin "iSW[7]"
    Warning (15610): No output dependent on input pin "iSW[8]"
    Warning (15610): No output dependent on input pin "iSW[9]"
    Warning (15610): No output dependent on input pin "iSW[10]"
    Warning (15610): No output dependent on input pin "iSW[11]"
    Warning (15610): No output dependent on input pin "iSW[12]"
    Warning (15610): No output dependent on input pin "iSW[13]"
    Warning (15610): No output dependent on input pin "iSW[14]"
    Warning (15610): No output dependent on input pin "iSW[15]"
    Warning (15610): No output dependent on input pin "iSW[16]"
    Warning (15610): No output dependent on input pin "iSW[17]"
Info: Implemented 50 device resources after synthesis - the final resource count might be different
    Info: Implemented 23 input pins
    Info: Implemented 27 output pins
Info: Quartus II Analysis & Synthesis was successful. 0 errors, 247 warnings
    Info: Peak virtual memory: 352 megabytes
    Info: Processing ended: Wed Dec 20 11:17:26 2017
    Info: Elapsed time: 00:00:07
    Info: Total CPU time (on all processors): 00:00:05


+------------------------------------------+
; Analysis & Synthesis Suppressed Messages ;
+------------------------------------------+
The suppressed messages can be found in //Mac/Home/Documents/COMAR/PipelinedARMv8/Pipelined_ARMv8.map.smsg.


